// Jest Snapshot v1, https://goo.gl/fbAQLP

exports[`<MetricsDisplay> should render filters and chart 1`] = `
<Fragment>
  <Chart />
  <Filters />
</Fragment>
`;
