// Jest Snapshot v1, https://goo.gl/fbAQLP

exports[`<App> should render header and metric display 1`] = `
<div
  className="App"
>
  <h1>
    Adverity Advertising Data ETL-V Challenge
  </h1>
  <Header />
</div>
`;
